[    0.000000] Initializing cgroup subsys cpuset
[    0.000000] Initializing cgroup subsys cpu
[    0.000000] Initializing cgroup subsys cpuacct
[    0.000000] Linux version 4.4.0-210-generic (buildd@lgw01-amd64-009) (gcc version 5.4.0 20160609 (Ubuntu 5.4.0-6ubuntu1~16.04.12) ) #242-Ubuntu SMP Fri Apr 16 09:57:56 UTC 2021 (Ubuntu 4.4.0-210.242-generic 4.4.262)
[    0.000000] Command line: BOOT_IMAGE=/boot/vmlinuz-4.4.0-210-generic root=LABEL=cloudimg-rootfs ro console=tty1 console=ttyS0
[    0.000000] KERNEL supported cpus:
[    0.000000]   Intel GenuineIntel
[    0.000000]   AMD AuthenticAMD
[    0.000000]   Centaur CentaurHauls
[    0.000000] x86/fpu: xstate_offset[2]:  576, xstate_sizes[2]:  256
[    0.000000] x86/fpu: Supporting XSAVE feature 0x01: 'x87 floating point registers'
[    0.000000] x86/fpu: Supporting XSAVE feature 0x02: 'SSE registers'
[    0.000000] x86/fpu: Supporting XSAVE feature 0x04: 'AVX registers'
[    0.000000] x86/fpu: Enabled xstate features 0x7, context size is 832 bytes, using 'standard' format.
[    0.000000] e820: BIOS-provided physical RAM map:
[    0.000000] BIOS-e820: [mem 0x0000000000000000-0x000000000009fbff] usable
[    0.000000] BIOS-e820: [mem 0x000000000009fc00-0x000000000009ffff] reserved
[    0.000000] BIOS-e820: [mem 0x00000000000f0000-0x00000000000fffff] reserved
[    0.000000] BIOS-e820: [mem 0x0000000000100000-0x000000003ffeffff] usable
[    0.000000] BIOS-e820: [mem 0x000000003fff0000-0x000000003fffffff] ACPI data
[    0.000000] BIOS-e820: [mem 0x00000000fec00000-0x00000000fec00fff] reserved
[    0.000000] BIOS-e820: [mem 0x00000000fee00000-0x00000000fee00fff] reserved
[    0.000000] BIOS-e820: [mem 0x00000000fffc0000-0x00000000ffffffff] reserved
[    0.000000] NX (Execute Disable) protection: active
[    0.000000] SMBIOS 2.5 present.
[    0.000000] Hypervisor detected: KVM
[    0.000000] e820: last_pfn = 0x3fff0 max_arch_pfn = 0x400000000
[    0.000000] MTRR: Disabled
[    0.000000] x86/PAT: MTRRs disabled, skipping PAT initialization too.
[    0.000000] CPU MTRRs all blank - virtualized system.
[    0.000000] x86/PAT: Configuration [0-7]: WB  WT  UC- UC  WB  WT  UC- UC  
[    0.000000] found SMP MP-table at [mem 0x0009fff0-0x0009ffff] mapped at [ffff88000009fff0]
[    0.000000] Scanning 1 areas for low memory corruption
[    0.000000] RAMDISK: [mem 0x362dc000-0x37165fff]
[    0.000000] ACPI: Early table checksum verification disabled
[    0.000000] ACPI: RSDP 0x00000000000E0000 000024 (v02 VBOX  )
[    0.000000] ACPI: XSDT 0x000000003FFF0030 00003C (v01 VBOX   VBOXXSDT 00000001 ASL  00000061)
[    0.000000] ACPI: FACP 0x000000003FFF00F0 0000F4 (v04 VBOX   VBOXFACP 00000001 ASL  00000061)
[    0.000000] ACPI: DSDT 0x000000003FFF0610 002353 (v02 VBOX   VBOXBIOS 00000002 INTL 20241212)
[    0.000000] ACPI: FACS 0x000000003FFF0200 000040
[    0.000000] ACPI: FACS 0x000000003FFF0200 000040
[    0.000000] ACPI: APIC 0x000000003FFF0240 000054 (v02 VBOX   VBOXAPIC 00000001 ASL  00000061)
[    0.000000] ACPI: SSDT 0x000000003FFF02A0 00036C (v01 VBOX   VBOXCPUT 00000002 INTL 20241212)
[    0.000000] No NUMA configuration found
[    0.000000] Faking a node at [mem 0x0000000000000000-0x000000003ffeffff]
[    0.000000] NODE_DATA(0) allocated [mem 0x3ffeb000-0x3ffeffff]
[    0.000000] kvm-clock: Using msrs 4b564d01 and 4b564d00
[    0.000000] kvm-clock: cpu 0, msr 0:3ffe3001, primary cpu clock
[    0.000000] kvm-clock: using sched offset of 3171912565 cycles
[    0.000000] clocksource: kvm-clock: mask: 0xffffffffffffffff max_cycles: 0x1cd42e4dffb, max_idle_ns: 881590591483 ns
[    0.000000] Zone ranges:
[    0.000000]   DMA      [mem 0x0000000000001000-0x0000000000ffffff]
[    0.000000]   DMA32    [mem 0x0000000001000000-0x000000003ffeffff]
[    0.000000]   Normal   empty
[    0.000000]   Device   empty
[    0.000000] Movable zone start for each node
[    0.000000] Early memory node ranges
[    0.000000]   node   0: [mem 0x0000000000001000-0x000000000009efff]
[    0.000000]   node   0: [mem 0x0000000000100000-0x000000003ffeffff]
[    0.000000] Initmem setup node 0 [mem 0x0000000000001000-0x000000003ffeffff]
[    0.000000] ACPI: PM-Timer IO Port: 0x4008
[    0.000000] IOAPIC[0]: apic_id 1, version 32, address 0xfec00000, GSI 0-23
[    0.000000] ACPI: INT_SRC_OVR (bus 0 bus_irq 0 global_irq 2 dfl dfl)
[    0.000000] ACPI: INT_SRC_OVR (bus 0 bus_irq 9 global_irq 9 low level)
[    0.000000] Using ACPI (MADT) for SMP configuration information
[    0.000000] smpboot: Allowing 1 CPUs, 0 hotplug CPUs
[    0.000000] PM: Registered nosave memory: [mem 0x00000000-0x00000fff]
[    0.000000] PM: Registered nosave memory: [mem 0x0009f000-0x0009ffff]
[    0.000000] PM: Registered nosave memory: [mem 0x000a0000-0x000effff]
[    0.000000] PM: Registered nosave memory: [mem 0x000f0000-0x000fffff]
[    0.000000] e820: [mem 0x40000000-0xfebfffff] available for PCI devices
[    0.000000] Booting paravirtualized kernel on KVM
[    0.000000] clocksource: refined-jiffies: mask: 0xffffffff max_cycles: 0xffffffff, max_idle_ns: 7645519600211568 ns
[    0.000000] setup_percpu: NR_CPUS:512 nr_cpumask_bits:512 nr_cpu_ids:1 nr_node_ids:1
[    0.000000] PERCPU: Embedded 33 pages/cpu @ffff88003fc00000 s95192 r8192 d31784 u2097152
[    0.000000] Built 1 zonelists in Node order, mobility grouping on.  Total pages: 257912
[    0.000000] Policy zone: DMA32
[    0.000000] Kernel command line: BOOT_IMAGE=/boot/vmlinuz-4.4.0-210-generic root=LABEL=cloudimg-rootfs ro console=tty1 console=ttyS0
[    0.000000] PID hash table entries: 4096 (order: 3, 32768 bytes)
[    0.000000] Memory: 997924K/1048120K available (8644K kernel code, 1332K rwdata, 4044K rodata, 1492K init, 1164K bss, 50196K reserved, 0K cma-reserved)
[    0.000000] SLUB: HWalign=64, Order=0-3, MinObjects=0, CPUs=1, Nodes=1
[    0.000000] Kernel/User page tables isolation: enabled
[    0.000000] Hierarchical RCU implementation.
[    0.000000] 	Build-time adjustment of leaf fanout to 64.
[    0.000000] 	RCU restricting CPUs from NR_CPUS=512 to nr_cpu_ids=1.
[    0.000000] RCU: Adjusting geometry for rcu_fanout_leaf=64, nr_cpu_ids=1
[    0.000000] NR_IRQS:33024 nr_irqs:256 16
[    0.000000] Console: colour VGA+ 80x25
[    0.000000] console [tty1] enabled
[    0.000000] console [ttyS0] enabled
[    0.000000] tsc: Detected 2793.530 MHz processor
[    0.184472] Calibrating delay loop (skipped) preset value.. 5587.06 BogoMIPS (lpj=11174120)
[    0.186361] pid_max: default: 32768 minimum: 301
[    0.189239] ACPI: Core revision 20150930
[    0.191343] ACPI: 2 ACPI AML tables successfully acquired and loaded
[    0.192769] Security Framework initialized
[    0.193653] Yama: becoming mindful.
[    0.194403] AppArmor: AppArmor initialized
[    0.196629] Dentry cache hash table entries: 131072 (order: 8, 1048576 bytes)
[    0.198467] Inode-cache hash table entries: 65536 (order: 7, 524288 bytes)
[    0.201721] Mount-cache hash table entries: 2048 (order: 2, 16384 bytes)
[    0.204235] Mountpoint-cache hash table entries: 2048 (order: 2, 16384 bytes)
[    0.208689] Initializing cgroup subsys io
[    0.209584] Initializing cgroup subsys memory
[    0.210558] Initializing cgroup subsys devices
[    0.211526] Initializing cgroup subsys freezer
[    0.212486] Initializing cgroup subsys net_cls
[    0.214213] Initializing cgroup subsys perf_event
[    0.216656] Initializing cgroup subsys net_prio
[    0.218635] Initializing cgroup subsys hugetlb
[    0.220731] Initializing cgroup subsys pids
[    0.231579] mce: CPU supports 0 MCE banks
[    0.233969] process: using mwait in idle threads
[    0.234893] Last level iTLB entries: 4KB 1024, 2MB 1024, 4MB 1024
[    0.236227] Last level dTLB entries: 4KB 1024, 2MB 1024, 4MB 1024, 1GB 4
[    0.237453] Spectre V1 : Mitigation: usercopy/swapgs barriers and __user pointer sanitization
[    0.241041] Spectre V2 : Mitigation: Full generic retpoline
[    0.243540] Spectre V2 : Spectre v2 / SpectreRSB mitigation: Filling RSB on context switch
[    0.245518] Speculative Store Bypass: Vulnerable
[    0.246738] SRBDS: Unknown: Dependent on hypervisor status
[    0.247932] MDS: Mitigation: Clear CPU buffers
[    0.268340] Freeing SMP alternatives memory: 36K
[    0.276498] ftrace: allocating 32380 entries in 127 pages
[    0.335012] smpboot: APIC(0) Converting physical 0 to logical package 0
[    0.338932] smpboot: Max logical packages: 1
[    0.341178] x2apic enabled
[    0.342975] Switched APIC routing to physical x2apic.
[    0.346856] ..TIMER: vector=0x30 apic1=0 pin1=2 apic2=-1 pin2=-1
[    0.457770] smpboot: CPU0: Intel(R) Core(TM) i5-4200H CPU @ 2.80GHz (family: 0x6, model: 0x3c, stepping: 0x3)
[    0.462204] Performance Events: unsupported p6 CPU model 60 no PMU driver, software events only.
[    0.474966] KVM setup paravirtual spinlock
[    0.477220] x86: Booted up 1 node, 1 CPUs
[    0.478138] smpboot: Total of 1 processors activated (5587.06 BogoMIPS)
[    0.479797] devtmpfs: initialized
[    0.482769] evm: security.selinux
[    0.483893] evm: security.SMACK64
[    0.484763] evm: security.SMACK64EXEC
[    0.485662] evm: security.SMACK64TRANSMUTE
[    0.486548] evm: security.SMACK64MMAP
[    0.488360] evm: security.ima
[    0.489709] evm: security.capability
[    0.491466] clocksource: jiffies: mask: 0xffffffff max_cycles: 0xffffffff, max_idle_ns: 7645041785100000 ns
[    0.494689] futex hash table entries: 256 (order: 2, 16384 bytes)
[    0.504681] pinctrl core: initialized pinctrl subsystem
[    0.506107] RTC time: 17:35:48, date: 04/15/26
[    0.507308] NET: Registered protocol family 16
[    0.508472] cpuidle: using governor ladder
[    0.510512] cpuidle: using governor menu
[    0.512641] PCCT header not found.
[    0.516202] ACPI: bus type PCI registered
[    0.517834] acpiphp: ACPI Hot Plug PCI Controller Driver version: 0.5
[    0.522018] PCI: Using configuration type 1 for base access
[    0.525806] ACPI: Added _OSI(Module Device)
[    0.529051] ACPI: Added _OSI(Processor Device)
[    0.530989] ACPI: Added _OSI(3.0 _SCP Extensions)
[    0.535957] ACPI: Added _OSI(Processor Aggregator Device)
[    0.540980] ACPI: Executed 1 blocks of module-level executable AML code
[    0.546114] ACPI: Interpreter enabled
[    0.548667] ACPI: (supports S0 S5)
[    0.549853] ACPI: Using IOAPIC for interrupt routing
[    0.552035] PCI: Using host bridge windows from ACPI; if necessary, use "pci=nocrs" and report a bug
[    0.562720] ACPI: PCI Root Bridge [PCI0] (domain 0000 [bus 00-ff])
[    0.564894] acpi PNP0A03:00: _OSC: OS supports [ASPM ClockPM Segments MSI]
[    0.567431] acpi PNP0A03:00: _OSC: not requesting OS control; OS requires [ExtendedConfig ASPM ClockPM MSI]
[    0.571530] acpi PNP0A03:00: fail to add MMCONFIG information, can't access extended PCI configuration space under this bridge.
[    0.576843] PCI host bridge to bus 0000:00
[    0.578838] pci_bus 0000:00: root bus resource [io  0x0000-0x0cf7 window]
[    0.582391] pci_bus 0000:00: root bus resource [io  0x0d00-0xffff window]
[    0.585576] pci_bus 0000:00: root bus resource [mem 0x000a0000-0x000bffff window]
[    0.611657] pci_bus 0000:00: root bus resource [mem 0x40000000-0xfdffffff window]
[    0.619088] pci_bus 0000:00: root bus resource [bus 00-ff]
[    0.629447] pci 0000:00:01.1: legacy IDE quirk: reg 0x10: [io  0x01f0-0x01f7]
[    0.632406] pci 0000:00:01.1: legacy IDE quirk: reg 0x14: [io  0x03f6]
[    0.635138] pci 0000:00:01.1: legacy IDE quirk: reg 0x18: [io  0x0170-0x0177]
[    0.639330] pci 0000:00:01.1: legacy IDE quirk: reg 0x1c: [io  0x0376]
[    0.671473] pci 0000:00:07.0: quirk: [io  0x4000-0x403f] claimed by PIIX4 ACPI
[    0.673720] pci 0000:00:07.0: quirk: [io  0x4100-0x410f] claimed by PIIX4 SMB
[    0.687962] ACPI: PCI Interrupt Link [LNKA] (IRQs 5 9 10 *11)
[    0.690467] ACPI: PCI Interrupt Link [LNKB] (IRQs 5 9 *10 11)
[    0.693110] ACPI: PCI Interrupt Link [LNKC] (IRQs 5 *9 10 11)
[    0.695037] ACPI: PCI Interrupt Link [LNKD] (IRQs 5 9 10 *11)
[    0.697647] ACPI: Enabled 2 GPEs in block 00 to 07
[    0.700199] vgaarb: setting as boot device: PCI:0000:00:02.0
[    0.702672] vgaarb: device added: PCI:0000:00:02.0,decodes=io+mem,owns=io+mem,locks=none
[    0.707347] vgaarb: loaded
[    0.708774] vgaarb: bridge control possible 0000:00:02.0
[    0.710916] SCSI subsystem initialized
[    0.712695] ACPI: bus type USB registered
[    0.713855] usbcore: registered new interface driver usbfs
[    0.715272] usbcore: registered new interface driver hub
[    0.716690] usbcore: registered new device driver usb
[    0.718430] PCI: Using ACPI for IRQ routing
[    0.720828] NetLabel: Initializing
[    0.722025] NetLabel:  domain hash size = 128
[    0.723978] NetLabel:  protocols = UNLABELED CIPSOv4
[    0.726254] NetLabel:  unlabeled traffic allowed by default
[    0.728973] amd_nb: Cannot enumerate AMD northbridges
[    0.730407] clocksource: Switched to clocksource kvm-clock
[    0.739635] AppArmor: AppArmor Filesystem Enabled
[    0.744312] pnp: PnP ACPI init
[    0.747453] pnp: PnP ACPI: found 3 devices
[    0.754992] clocksource: acpi_pm: mask: 0xffffff max_cycles: 0xffffff, max_idle_ns: 2085701024 ns
[    0.760496] NET: Registered protocol family 2
[    0.767771] TCP established hash table entries: 8192 (order: 4, 65536 bytes)
[    0.769209] TCP bind hash table entries: 8192 (order: 5, 131072 bytes)
[    0.772768] TCP: Hash tables configured (established 8192 bind 8192)
[    0.775469] UDP hash table entries: 512 (order: 2, 16384 bytes)
[    0.778046] UDP-Lite hash table entries: 512 (order: 2, 16384 bytes)
[    0.780008] NET: Registered protocol family 1
[    0.781821] pci 0000:00:00.0: Limiting direct PCI/PCI transfers
[    0.783959] pci 0000:00:01.0: Activating ISA DMA hang workarounds
[    0.786566] Unpacking initramfs...
[    1.033924] Freeing initrd memory: 14888K
[    1.050045] RAPL PMU detected, API unit is 2^-32 Joules, 4 fixed counters 10737418240 ms ovfl timer
[    1.054701] hw unit of domain pp0-core 2^-0 Joules
[    1.057401] hw unit of domain package 2^-0 Joules
[    1.060060] hw unit of domain dram 2^-0 Joules
[    1.062318] hw unit of domain pp1-gpu 2^-0 Joules
[    1.064844] clocksource: tsc: mask: 0xffffffffffffffff max_cycles: 0x284460f1a18, max_idle_ns: 440795261562 ns
[    1.069871] platform rtc_cmos: registered platform RTC device (no PNP device found)
[    1.075692] Scanning for low memory corruption every 60 seconds
[    1.079128] audit: initializing netlink subsys (disabled)
[    1.081754] audit: type=2000 audit(1776274554.190:1): initialized
[    1.085068] Initialise system trusted keyring
[    1.087451] HugeTLB registered 2 MB page size, pre-allocated 0 pages
[    1.094495] zbud: loaded
[    1.096354] VFS: Disk quotas dquot_6.6.0
[    1.098518] VFS: Dquot-cache hash table entries: 512 (order 0, 4096 bytes)
[    1.102251] squashfs: version 4.0 (2009/01/31) Phillip Lougher
[    1.105539] fuse init (API version 7.23)
[    1.107829] Key type big_key registered
[    1.109844] Allocating IMA MOK and blacklist keyrings.
[    1.113742] Key type asymmetric registered
[    1.115956] Asymmetric key parser 'x509' registered
[    1.118564] Block layer SCSI generic (bsg) driver version 0.4 loaded (major 249)
[    1.122334] io scheduler noop registered
[    1.124454] io scheduler deadline registered (default)
[    1.127282] io scheduler cfq registered
[    1.129462] pci_hotplug: PCI Hot Plug PCI Core version: 0.5
[    1.134660] pciehp: PCI Express Hot Plug Controller Driver version: 0.4
[    1.155207] ACPI: AC Adapter [AC] (on-line)
[    1.159577] input: Power Button as /devices/LNXSYSTM:00/LNXPWRBN:00/input/input0
[    1.163570] ACPI: Power Button [PWRF]
[    1.166014] input: Sleep Button as /devices/LNXSYSTM:00/LNXSLPBN:00/input/input1
[    1.170491] ACPI: Sleep Button [SLPF]
[    1.173296] ACPI: Battery Slot [BAT0] (battery present)
[    1.178651] GHES: HEST is not enabled!
[    1.180914] Serial: 8250/16550 driver, 32 ports, IRQ sharing enabled
[    1.205438] 00:02: ttyS0 at I/O 0x3f8 (irq = 4, base_baud = 115200) is a 16550A
[    1.210721] Linux agpgart interface v0.103
[    1.214570] loop: module loaded
[    1.217561] scsi host0: ata_piix
[    1.219412] scsi host1: ata_piix
[    1.221190] ata1: PATA max UDMA/33 cmd 0x1f0 ctl 0x3f6 bmdma 0xd000 irq 14
[    1.224489] ata2: PATA max UDMA/33 cmd 0x170 ctl 0x376 bmdma 0xd008 irq 15
[    1.231310] libphy: Fixed MDIO Bus: probed
[    1.234739] tun: Universal TUN/TAP device driver, 1.6
[    1.244355] tun: (C) 1999-2004 Max Krasnyansky <maxk@qualcomm.com>
[    1.264585] PPP generic driver version 2.4.2
[    1.272207] ehci_hcd: USB 2.0 'Enhanced' Host Controller (EHCI) Driver
[    1.297532] ehci-pci: EHCI PCI platform driver
[    1.299934] ehci-platform: EHCI generic platform driver
[    1.302315] ohci_hcd: USB 1.1 'Open' Host Controller (OHCI) Driver
[    1.305150] ohci-pci: OHCI PCI platform driver
[    1.307151] ohci-platform: OHCI generic platform driver
[    1.308602] uhci_hcd: USB Universal Host Controller Interface driver
[    1.310004] i8042: PNP: PS/2 Controller [PNP0303:PS2K,PNP0f03:PS2M] at 0x60,0x64 irq 1,12
[    1.312323] serio: i8042 KBD port at 0x60,0x64 irq 1
[    1.315036] serio: i8042 AUX port at 0x60,0x64 irq 12
[    1.318803] mousedev: PS/2 mouse device common for all mice
[    1.322906] input: AT Translated Set 2 keyboard as /devices/platform/i8042/serio0/input/input2
[    1.326282] rtc_cmos rtc_cmos: rtc core: registered rtc_cmos as rtc0
[    1.331063] rtc_cmos rtc_cmos: alarms up to one day, 114 bytes nvram
[    1.332568] i2c /dev entries driver
[    1.333501] device-mapper: uevent: version 1.0.3
[    1.334629] device-mapper: ioctl: 4.34.0-ioctl (2015-10-28) initialised: dm-devel@redhat.com
[    1.340000] ledtrig-cpu: registered to indicate activity on CPUs
[    1.341551] NET: Registered protocol family 10
[    1.343969] NET: Registered protocol family 17
[    1.345515] Key type dns_resolver registered
[    1.347157] registered taskstats version 1
[    1.351316] Loading compiled-in X.509 certificates
[    1.353101] Loaded X.509 cert 'Build time autogenerated kernel key: cf00e047681d67edb2720680708b7d9498083038'
[    1.356650] zswap: loaded using pool lzo/zbud
[    1.360224] Key type trusted registered
[    1.365507] Key type encrypted registered
[    1.368083] AppArmor: AppArmor sha1 policy hashing enabled
[    1.371684] ima: No TPM chip found, activating TPM-bypass!
[    1.372827] ima: Allocated hash algorithm: sha1
[    1.374428] evm: HMAC attrs: 0x1
[    1.376256]   Magic number: 6:946:592
[    1.378444] rtc_cmos rtc_cmos: setting system clock to 2026-04-15 17:35:49 UTC (1776274549)
[    1.382116] BIOS EDD facility v0.16 2004-Jun-25, 0 devices found
[    1.385411] EDD information not available.
[    1.411237] Freeing unused kernel memory: 1492K
[    1.412903] Write protecting the kernel read-only data: 14336k
[    1.415629] Freeing unused kernel memory: 1584K
[    1.417511] Freeing unused kernel memory: 52K
Loading, please wait...
starting version 229
[    1.432541] random: udevadm: uninitialized urandom read (16 bytes read, 2 bits of entropy available)
[    1.437006] random: systemd-udevd: uninitialized urandom read (16 bytes read, 2 bits of entropy available)
[    1.439300] random: systemd-udevd: uninitialized urandom read (16 bytes read, 2 bits of entropy available)
[    1.446770] random: udevadm: uninitialized urandom read (16 bytes read, 2 bits of entropy available)
[    1.450659] random: systemd-udevd: uninitialized urandom read (16 bytes read, 2 bits of entropy available)
[    1.452688] random: systemd-udevd: uninitialized urandom read (16 bytes read, 2 bits of entropy available)
[    1.466136] random: systemd-udevd: uninitialized urandom read (16 bytes read, 2 bits of entropy available)
[    1.472653] random: udevadm: uninitialized urandom read (16 bytes read, 2 bits of entropy available)
[    1.477324] random: systemd-udevd: uninitialized urandom read (16 bytes read, 2 bits of entropy available)
[    1.479775] random: udevadm: uninitialized urandom read (16 bytes read, 2 bits of entropy available)
[    1.567229] e1000: Intel(R) PRO/1000 Network Driver - version 7.3.21-k8-NAPI
[    1.570360] e1000: Copyright (c) 1999-2006 Intel Corporation.
[    1.577997] Fusion MPT base driver 3.04.20
[    1.579596] Copyright (c) 1999-2008 LSI Corporation
[    1.598241] Fusion MPT SPI Host driver 3.04.20
[    1.634280] AVX2 version of gcm_enc/dec engaged.
[    1.636359] AES CTR mode by8 optimization enabled
[    1.795469] input: ImExPS/2 Generic Explorer Mouse as /devices/platform/i8042/serio1/input/input4
[    2.023768] e1000 0000:00:03.0 eth0: (PCI:33MHz:32-bit) 02:be:82:6b:cc:1d
[    2.034058] e1000 0000:00:03.0 eth0: Intel(R) PRO/1000 Network Connection
[    2.039998] mptbase: ioc0: Initiating bringup
[    2.115069] ioc0: LSI53C1030 A0: Capabilities={Initiator}
[    2.279919] scsi host2: ioc0: LSI53C1030 A0, FwRev=00000000h, Ports=1, MaxQ=256, IRQ=20
[    2.395970] scsi 2:0:0:0: Direct-Access     VBOX     HARDDISK         1.0  PQ: 0 ANSI: 5
[    2.397873] scsi target2:0:0: Beginning Domain Validation
[    2.400456] scsi target2:0:0: Domain Validation skipping write tests
[    2.401735] scsi target2:0:0: Ending Domain Validation
[    2.402849] scsi target2:0:0: asynchronous
[    2.404037] scsi 2:0:1:0: Direct-Access     VBOX     HARDDISK         1.0  PQ: 0 ANSI: 5
[    2.417628] scsi target2:0:1: Beginning Domain Validation
[    2.419799] scsi target2:0:1: Domain Validation skipping write tests
[    2.421068] scsi target2:0:1: Ending Domain Validation
[    2.422197] scsi target2:0:1: asynchronous
[    2.426062] sd 2:0:0:0: Attached scsi generic sg0 type 0
[    2.431475] sd 2:0:0:0: [sda] 83886080 512-byte logical blocks: (42.9 GB/40.0 GiB)
[    2.435765] sd 2:0:1:0: [sdb] 20480 512-byte logical blocks: (10.5 MB/10.0 MiB)
[    2.437354] sd 2:0:1:0: Attached scsi generic sg1 type 0
[    2.438723] sd 2:0:1:0: [sdb] Write Protect is off
[    2.440116] sd 2:0:1:0: [sdb] Incomplete mode parameter data
[    2.441254] sd 2:0:1:0: [sdb] Assuming drive cache: write through
[    2.442869] sd 2:0:0:0: [sda] Write Protect is off
[    2.448757] sd 2:0:0:0: [sda] Incomplete mode parameter data
[    2.452507] sd 2:0:0:0: [sda] Assuming drive cache: write through
[    2.467804]  sda: sda1
[    2.468965] sd 2:0:0:0: [sda] Attached SCSI disk
[    2.470416] sd 2:0:1:0: [sdb] Attached SCSI disk
[    2.803460] e1000 0000:00:08.0 eth1: (PCI:33MHz:32-bit) 08:00:27:55:72:92
[    2.805151] e1000 0000:00:08.0 eth1: Intel(R) PRO/1000 Network Connection
[    2.808397] e1000 0000:00:08.0 enp0s8: renamed from eth1
[    2.811510] e1000 0000:00:03.0 enp0s3: renamed from eth0
Begin: Loading essential drivers ... [    4.160496] md: linear personality registered for level -1
[    4.169660] md: multipath personality registered for level -4
[    4.181110] md: raid0 personality registered for level 0
[    4.189228] md: raid1 personality registered for level 1
[    4.266781] raid6: sse2x1   gen()  6945 MB/s
[    4.356541] raid6: sse2x1   xor()  5870 MB/s
[    4.445102] raid6: sse2x2   gen() 10425 MB/s
[    4.525420] raid6: sse2x2   xor()  6076 MB/s
[    4.621951] raid6: sse2x4   gen() 12669 MB/s
[    4.709930] raid6: sse2x4   xor()  7668 MB/s
[    4.791159] raid6: avx2x1   gen() 14135 MB/s
[    4.880295] raid6: avx2x2   gen() 18226 MB/s
[    4.960488] raid6: avx2x4   gen() 18671 MB/s
[    4.962691] raid6: using algorithm avx2x4 gen() 18671 MB/s
[    4.965215] raid6: using avx2x2 recovery algorithm
[    4.969653] xor: automatically using best checksumming function:
[    5.129821]    avx       : 79070.000 MB/sec
[    5.134108] async_tx: api initialized (async)
[    5.150873] md: raid6 personality registered for level 6
[    5.153634] md: raid5 personality registered for level 5
[    5.156316] md: raid4 personality registered for level 4
[    5.165815] md: raid10 personality registered for level 10
done.
Begin: Running /scripts/init-premount ... done.
Begin: Mounting root file system ... Begin: Running /scripts/local-top ... done.
Begin: Running /scripts/local-premount ... [    5.208936] Btrfs loaded
Scanning for Btrfs filesystems
done.
Warning: fsck not present, so skipping root file system
[    5.244969] EXT4-fs (sda1): mounted filesystem with ordered data mode. Opts: (null)
done.
Begin: Running /scripts/local-bottom ... done.
Begin: Running /scripts/init-bottom ... done.
[    5.381434] systemd[1]: systemd 229 running in system mode. (+PAM +AUDIT +SELINUX +IMA +APPARMOR +SMACK +SYSVINIT +UTMP +LIBCRYPTSETUP +GCRYPT +GNUTLS +ACL +XZ -LZ4 +SECCOMP +BLKID +ELFUTILS +KMOD -IDN)
[    5.388593] systemd[1]: Detected virtualization oracle.
[    5.390023] systemd[1]: Detected architecture x86-64.

Welcome to [1mUbuntu 16.04.7 LTS[0m!

[    5.395527] systemd[1]: Set hostname to <ubuntu>.
[    5.403318] systemd[1]: Initializing machine ID from random generator.
[    5.408179] systemd[1]: Installed transient /etc/machine-id file.
[    5.583908] systemd[1]: Listening on /dev/initctl Compatibility Named Pipe.
[[0;32m  OK  [0m] Listening on /dev/initctl Compatibility Named Pipe.
[    5.586967] systemd[1]: Created slice System Slice.
[[0;32m  OK  [0m] Created slice System Slice.
[    5.590289] systemd[1]: Listening on LVM2 metadata daemon socket.
[[0;32m  OK  [0m] Listening on LVM2 metadata daemon socket.
[    5.592495] systemd[1]: Listening on Journal Audit Socket.
[[0;32m  OK  [0m] Listening on Journal Audit Socket.
[    5.594377] systemd[1]: Started Forward Password Requests to Wall Directory Watch.
[[0;32m  OK  [0m] Started Forward Password Requests to Wall Directory Watch.
[    5.597935] systemd[1]: Created slice User and Session Slice.
[[0;32m  OK  [0m] Created slice User and Session Slice.
[    5.606565] systemd[1]: Reached target Slices.
[[0;32m  OK  [0m] Reached target Slices.
[    5.612133] systemd[1]: Listening on fsck to fsckd communication Socket.
[[0;32m  OK  [0m] Listening on fsck to fsckd communication Socket.
[    5.622600] systemd[1]: Reached target Encrypted Volumes.
[[0;32m  OK  [0m] Reached target Encrypted Volumes.
[    5.625535] systemd[1]: Started Trigger resolvconf update for networkd DNS.
[[0;32m  OK  [0m] Started Trigger resolvconf update for networkd DNS.
[    5.628060] systemd[1]: Listening on LVM2 poll daemon socket.
[[0;32m  OK  [0m] Listening on LVM2 poll daemon socket.
[    5.629734] systemd[1]: Reached target Swap.
[[0;32m  OK  [0m] Reached target Swap.
[    5.632522] systemd[1]: Created slice system-serial\x2dgetty.slice.
[[0;32m  OK  [0m] Created slice system-serial\x2dgetty.slice.
[    5.637503] systemd[1]: Set up automount Arbitrary Executable File Formats File System Automount Point.
[[0;32m  OK  [0m] Set up automount Arbitrary Executab...ats File System Automount Point.
[    5.644078] systemd[1]: Listening on udev Control Socket.
[[0;32m  OK  [0m] Listening on udev Control Socket.
[    5.646064] systemd[1]: Listening on Syslog Socket.
[[0;32m  OK  [0m] Listening on Syslog Socket.
[    5.649209] systemd[1]: Listening on Device-mapper event daemon FIFOs.
[[0;32m  OK  [0m] Listening on Device-mapper event daemon FIFOs.
[    5.653840] systemd[1]: Listening on Journal Socket.
[[0;32m  OK  [0m] Listening on Journal Socket.
[    5.656143] systemd[1]: Starting Nameserver information manager...
         Starting Nameserver information manager...
[    5.667446] systemd[1]: Starting File System Check on Root Device...
         Starting File System Check on Root Device...
[    5.672461] systemd[1]: Mounting Huge Pages File System...
         Mounting Huge Pages File System...
[    5.681108] systemd[1]: Mounting POSIX Message Queue File System...
         Mounting POSIX Message Queue File System...
[    5.695364] systemd[1]: Starting Create list of required static device nodes for the current kernel...
         Starting Create list of required st... nodes for the current kernel...
[    5.702434] systemd[1]: Mounting Debug File System...
         Mounting Debug File System...
[    5.715454] systemd[1]: Starting Uncomplicated firewall...
         Starting Uncomplicated firewall...
[    5.727320] systemd[1]: Starting Set console keymap...
         Starting Set console keymap...
[    5.733907] systemd[1]: Starting Load Kernel Modules...
         Starting Load Kernel Modules...
[    5.746789] Loading iSCSI transport class v2.0-870.
[    5.749481] systemd[1]: Starting Monitoring of LVM2 mirrors, snapshots etc. using dmeventd or progress polling...
         Starting Monitoring of LVM2 mirrors... dmeventd or progress polling...
[    5.779640] iscsi: registered transport (tcp)
[    5.782088] systemd[1]: Reached target System Time Synchronized.
[[0;32m  OK  [0m] Reached target System Time Synchronized.
[    5.801141] systemd[1]: Listening on udev Kernel Socket.
[[0;32m  OK  [0m] Listening on udev Kernel Socket.
[    5.808427] systemd[1]: Reached target User and Group Name Lookups.
[[0;32m  OK  [0m] Reached target User and Group Name Lookups.
[    5.815433] systemd[1]: Listening on Journal Socket (/dev/log).
[[0;32m  OK  [0m] Listening on Journal Socket (/dev/log).
[    5.823884] systemd[1]: Starting Journal Service...
         Starting Journal Service...
[    5.832374] systemd[1]: Mounted Huge Pages File System.
[[0;32m  OK  [0m] Mounted Huge Pages File System.
[    5.842033] systemd[1]: Mounted POSIX Message Queue File System.
[[0;32m  OK  [0m] Mounted POSIX Message Queue File System.
[    5.845742] systemd[1]: Mounted Debug File System.
[[0;32m  OK  [0m] Mounted Debug File System.
[    5.855892] systemd[1]: Started File System Check on Root Device.
[    5.863435] iscsi: registered transport (iser)
[[0;32m  OK  [0m] Started File System Check on Root Device.
[    5.877993] systemd[1]: Started Create list of required static device nodes for the current kernel.
[[0;32m  OK  [0m] Started Create list of required sta...ce nodes for the current kernel.
[    5.919569] systemd[1]: Started Uncomplicated firewall.
[[0;32m  OK  [0m] Started Uncomplicated firewall.
[    5.943483] systemd[1]: Started Set console keymap.
[[0;32m  OK  [0m] Started Set console keymap.
[    5.975469] systemd[1]: Started Load Kernel Modules.
[[0;32m  OK  [0m] Started Load Kernel Modules.
[    5.981418] systemd[1]: Started Nameserver information manager.
[[0;32m  OK  [0m] Started Nameserver information manager.
[    5.993686] systemd[1]: Started Journal Service.
[[0;32m  OK  [0m] Started Journal Service.
[[0;32m  OK  [0m] Started LVM2 metadata daemon.
[[0;32m  OK  [0m] Started File System Check Daemon to report status.
         Starting Apply Kernel Variables...
         Mounting FUSE Control File System...
         Starting Create Static Device Nodes in /dev...
         Starting Remount Root and Kernel File Systems...
[[0;32m  OK  [0m] Mounted FUSE Control File System.
[[0;32m  OK  [0m] Started Apply Kernel Variables.
[[0;32m  OK  [0m] Started Remount Root and Kernel File Systems.
         Starting udev Coldplug all Devices...
         Starting Load/Save Random Seed...
         Starting Flush Journal to Persistent Storage...
[[0;32m  OK  [0m] Started Create Static Device Nodes in /dev.
         Starting udev Kernel Device Manager...
[[0;32m  OK  [0m] Started Load/Save Random Seed.
[[0;32m  OK  [0m] Started Flush Journal to Persistent Storage.
[[0;32m  OK  [0m] Started udev Kernel Device Manager.
[[0;32m  OK  [0m] Started udev Coldplug all Devices.
[[0;32m  OK  [0m] Started Dispatch Password Requests to Console Directory Watch.
[[0;32m  OK  [0m] Started Monitoring of LVM2 mirrors,...ng dmeventd or progress polling.
[[0;32m  OK  [0m] Reached target Local File Systems (Pre).
[[0;32m  OK  [0m] Reached target Local File Systems.
         Starting LSB: AppArmor initialization...
         Starting Create Volatile Files and Directories...
         Starting Tell Plymouth To Write Out Runtime Data...
         Starting Commit a transient machine-id on disk...
         Starting Set console font and keymap...
         Starting Initial cloud-init job (pre-networking)...
[[0;32m  OK  [0m] Started Tell Plymouth To Write Out Runtime Data.
[[0;32m  OK  [0m] Started Commit a transient machine-id on disk.
[[0;32m  OK  [0m] Started Create Volatile Files and Directories.
         Starting Update UTMP about System Boot/Shutdown...
[[0;32m  OK  [0m] Started Update UTMP about System Boot/Shutdown.
[[0;32m  OK  [0m] Found device /dev/ttyS0.
[[0;32m  OK  [0m] Listening on Load/Save RF Kill Switch Status /dev/rfkill Watch.
[[0;32m  OK  [0m] Started Set console font and keymap.
[[0;32m  OK  [0m] Created slice system-getty.slice.
[   10.749521] cloud-init[511]: Cloud-init v. 21.1-19-gbad84ad4-0ubuntu1~16.04.2 running 'init-local' at Wed, 15 Apr 2026 17:35:58 +0000. Up 9.65 seconds.
[[0;32m  OK  [0m] Started Initial cloud-init job (pre-networking).
[[0;32m  OK  [0m] Reached target Network (Pre).
[[0;32m  OK  [0m] Started LSB: AppArmor initialization.
         Starting Raise network interfaces...
         Starting Load AppArmor profiles managed internally by snapd...
[[0;32m  OK  [0m] Started Load AppArmor profiles managed internally by snapd.
[[0;32m  OK  [0m] Started Raise network interfaces.
         Starting Initial cloud-init job (metadata service crawler)...
[[0;32m  OK  [0m] Reached target Network.
[   12.875110] cloud-init[962]: Cloud-init v. 21.1-19-gbad84ad4-0ubuntu1~16.04.2 running 'init' at Wed, 15 Apr 2026 17:36:00 +0000. Up 11.93 seconds.
[   12.885249] cloud-init[962]: ci-info: ++++++++++++++++++++++++++++++++++++++Net device info+++++++++++++++++++++++++++++++++++++++
[   12.896809] cloud-init[962]: ci-info: +--------+-------+----------------------------+---------------+--------+-------------------+
[   12.904606] cloud-init[962]: ci-info: | Device |   Up  |          Address           |      Mask     | Scope  |     Hw-Address    |
[   12.913039] cloud-init[962]: ci-info: +--------+-------+----------------------------+---------------+--------+-------------------+
[   12.920668] cloud-init[962]: ci-info: | enp0s3 |  True |         10.0.2.15          | 255.255.255.0 | global | 02:be:82:6b:cc:1d |
[   12.930397] cloud-init[962]: ci-info: | enp0s3 |  True | fe80::be:82ff:fe6b:cc1d/64 |       .       |  link  | 02:be:82:6b:cc:1d |
[   12.938983] cloud-init[962]: ci-info: | enp0s8 | False |             .              |       .       |   .    | 08:00:27:55:72:92 |
[   12.944417] cloud-init[962]: ci-info: |   lo   |  True |         127.0.0.1          |   255.0.0.0   |  host  |         .         |
[   12.955876] cloud-init[962]: ci-info: |   lo   |  True |          ::1/128           |       .       |  host  |         .         |
[   12.960865] cloud-init[962]: ci-info: +--------+-------+----------------------------+---------------+--------+-------------------+
[   12.965213] cloud-init[962]: ci-info: +++++++++++++++++++++++++++Route IPv4 info++++++++++++++++++++++++++++
[   12.970921] cloud-init[962]: ci-info: +-------+-------------+----------+---------------+-----------+-------+
[   12.976589] cloud-init[962]: ci-info: | Route | Destination | Gateway  |    Genmask    | Interface | Flags |
[   12.986222] cloud-init[962]: ci-info: +-------+-------------+----------+---------------+-----------+-------+
[[0;32m  OK  [0m] Started Initial cloud-init job (metadata service crawler).
[[0;32m  OK  [0m] Reached target Cloud-config availability.
[   13.006661] cloud-init[962]: ci-info: |   0   |   0.0.0.0   | 10.0.2.2 |    0.0.0.0    |   enp0s3  |   UG  |[[0;32m  OK  [0m] Reached target Network is Online.
         Starting iSCSI initiator daemon (iscsid)...
[[0;32m  OK  [0m] Reached target System Initialization.
[[0;32m  OK  [0m] Started Daily apt download activities.
[[0;32m  OK  [0m] Started ACPI Events Check.
[[0;32m  OK  [0m] Reached target Paths.
[[0;32m  OK  [0m
[   13.038986] cloud-init[962]: ci-info: |   1   |   10.0.2.0  | 0.0.0.0  | 255.255.255.0 |   enp0s3  |   U   |
[   13.039326] cloud-init[962]: ci-info: +-------+-------------+----------+---------------+-----------+-------+
[   13.039583] cloud-init[962]: ci-info: +++++++++++++++++++Route IPv6 info+++++++++++++++++++
[   13.039827] cloud-init[962]: ci-info: +-------+-------------+---------+-----------+-------+
[   13.040324] cloud-init[962]: ci-info: | Route | Destination | Gateway | Interface | Flags |
[   13.040569] cloud-init[962]: ci-info: +-------+-------------+---------+-----------+-------+
[   13.040700] cloud-init[962]: ci-info: |   0   |  fe80::/64  |    ::   |   enp0s3  |   U   |
[   13.041278] cloud-init[962]: ci-info: |   3   |   ff00::/8  |    ::   |   enp0s3  |   U   |
[   13.041484] cloud-init[962]: ci-info: +-------+-------------+---------+-----------+-------+
[   13.041679] cloud-init[962]: Generating public/private rsa key pair.
[   13.041928] cloud-init[962]: Your identification has been saved in /etc/ssh/ssh_host_rsa_key.
[   13.042190] cloud-init[962]: Your public key has been saved in /etc/ssh/ssh_host_rsa_key.pub.
[   13.042306] cloud-init[962]: The key fingerprint is:
[   13.042546] cloud-init[962]: SHA256:lEHdVNPzNqOANmHSvLxCf4T/aJVH7oY3c+iQaDTChQ0 root@ubuntu-xenial
[   13.042785] cloud-init[962]: The key's randomart image is:
[   13.042964] cloud-init[962]: +---[RSA 2048]----+
[   13.043298] cloud-init[962]: |       .E. o..o. |
[   13.043774] cloud-init[962]: |       . @. .  o.|
[   13.043931] cloud-init[962]: |        B B     o|
[   13.043990] cloud-init[962]: |       + O o   +o|
[   13.046318] cloud-init[962]: |      . S B . =.o|
] Started Message of the Day.
[[0;32m  OK  [0m] Listening on UUID daemon activation socket.[   13.069420] cloud-init[962]: |       . = = = o |
[   13.078322] cloud-init[962]: |        . + * +. |

[[0;32m  OK  [0m] Started Ubuntu Advantage update messaging.
[   13.084407] cloud-init[962]: |         . o +.*.|
         Starting Socket activation for snappy daemon.
[[0;32m  OK  [0m] Started Daily apt upgrade and clean activities.
[   13.105297] cloud-init         Starting LXD - unix socket.
[[0;32m  OK  [0m[962]: |          .  .+ +|
[   13.133649] cloud-init[962]: +----[SHA256]-----+
[   13.139177] cloud-init[962]: Generating public/private dsa key pair.
[   13.139285] cloud-init[962]: Your identification has been saved in /etc/ssh/ssh_host_dsa_key.
[   13.139375] cloud-init[962]: Your public key has been saved in /etc/ssh/ssh_host_dsa_key.pub.
[   13.139448] cloud-init[962]: The key fingerprint is:
[   13.139511] cloud-init[962]: SHA256:E6UBoCO+WusIE3kkOGyWok7CSaa4cIKE8w7/TBLxZnU root@ubuntu-xenial
[   13.139573] cloud-init[962]: The key's randomart image is:
[   13.139630] cloud-init[962]: +---[DSA 1024]----+
[   13.139677] cloud-init[962]: |    ..... .      |
[   13.139716] cloud-init[962]: |+ ..     +       |
[   13.139748] cloud-init[962]: |OO=   . E        |
[   13.139780] cloud-init[962]: |#O.+ . . .       |
[   13.139862] cloud-init[962]: |%== +   S        |
[   13.139896] cloud-init[962]: |=X.+     .       |
[   13.139933] cloud-init[962]: |+o= .            |
[   13.139964] cloud-init[962]: |o+ *             |
[   13.139994] cloud-init[962]: |o.o o            |
[   13.140024] cloud-init[962]: +----[SHA256]-----+
[   13.140055] cloud-init[962]: Generating public/private ecdsa key pair.
[   13.140097] cloud-init[962]: Your identification has been saved in /etc/ssh/ssh_host_ecdsa_key.
[   13.140954] cloud-init[962]: Your public key has been saved in /etc/ssh/ssh_host_ecdsa_key.pub.
[   13.141138] cloud-init[962]: The key fingerprint is:
[   13.141294] cloud-init[962]: SHA256:8AmgzKCQZ3XuzUcAael029+ZaZgmqdAupw3QoG9nI5o root@ubuntu-xenial
[   13.141448] cloud-init[962]: The key's randomart image is:
[   13.141555] cloud-init[962]: +---[ECDSA 256]---+
[   13.141728] cloud-init[962]: |o. .o o+.        |
[   13.143436] cloud-init[962]: |++o. += ..       |
[   13.156270] cloud-init[962]: |.o+ .++. o.      |
[   13.156362] cloud-init[962]: |   . +.*.o.      |
[   13.156427] cloud-init[962]: |  . . o.S .o + + |
[   13.156485] cloud-init[962]: |   . .. ..o = *  |
[   13.156533] cloud-init[962]: |    + =o . o .   |
[   13.156597] cloud-init[962]: |   + +.++        |
[   13.156643] cloud-init[962]: |  E   .+.        |
[   13.158430] cloud-init[962]: +----[SHA256]-----+
[   13.159950] cloud-init[962]: Generating public/private ed25519 key pair.
[   13.163796] cloud-init[962]: Your identification has been saved in /etc/ssh/ssh_host_ed25519_key.
[   13.165186] cloud-init[962]: Your public key has been saved in /etc/ssh/ssh_host_ed25519_key.pub.
[   13.165275] cloud-init[962]: The key fingerprint is:
[   13.165698] cloud-init[962]: SHA256:v7i0nsIJkWpU8F2ZyaCspKUzpIGl5t7DjdtOrnXvjp0 root@ubuntu-xenial
[   13.166715] cloud-init[962]: The key's randomart image is:
[   13.166794] cloud-init[962]: +--[ED25519 256]--+
[   13.166853] cloud-init[962]: |  o.  .o.+       |
[   13.166910] cloud-init[962]: |.o o.o .=        |
[   13.167214] cloud-init[962]: |+oo.+..          |
[   13.167268] cloud-init[962]: |=*..o            |
[   13.167312] cloud-init[962]: |*o.. .  S        |
[   13.167351] cloud-init[962]: |.o= +    .       |
[   13.167391] cloud-init[962]: | o = * o. .      |
[   13.167439] cloud-init[962]: |    B =.++..     |
[   13.167491] cloud-init[962]: |   oo+ +OE.      |
[   13.167538] cloud-init[962]: +----[SHA256]-----+
] Listening on D-Bus System Message Bus Socket.
[[0;32m  OK  [0m] Listening on ACPID Listen Socket.
[[0;32m  OK  [0m] Started Daily Cleanup of Temporary Directories.
[[0;32m  OK  [0m] Reached target Timers.
[[0;32m  OK  [0m] Listening on Socket activation for snappy daemon.
[[0;32m  OK  [0m] Listening on LXD - unix socket.
[[0;32m  OK  [0m] Reached target Sockets.
[[0;32m  OK  [0m] Reached target Basic System.
         Starting /etc/rc.local Compatibility...
[[0;32m  OK  [0m] Started Deferred execution scheduler.
[[0;32m  OK  [0m] Started ACPI event daemon.
         Starting LSB: MD monitoring daemon...
[[0;32m  OK  [0m] Started FUSE filesystem for LXC.
         Starting LXD - container startup/shutdown...
         Starting Accounts Service...
         Starting Pollinate to seed the pseudo random number generator...
         Starting System Logging Service...
         Starting Snap Daemon...
[[0;32m  OK  [0m] Started D-Bus System Message Bus.
         Starting Login Service...
         Starting LSB: Record successful boot for GRUB...
[[0;32m  OK  [0m] Started Regular background program processing daemon.
         Starting Virtualbox guest utils...
[[0;32m  OK  [0m] Started System Logging Service.
[[0;32m  OK  [0m] Started iSCSI initiator daemon (iscsid).
[[0;32m  OK  [0m] Started /etc/rc.local Compatibility.
         Starting Login to default iSCSI targets...
[[0;32m  OK  [0m] Started Login Service.
[[0;32m  OK  [0m] Started Unattended Upgrades Shutdown.
[[0;32m  OK  [0m] Started Login to default iSCSI targets.
         Starting Authenticate and Authorize Users to Run Privileged Tasks...
[[0;32m  OK  [0m] Reached target Remote File Systems (Pre).
[[0;32m  OK  [0m] Reached target Remote File Systems.
         Starting LSB: Set the CPU Frequency Scaling governor to "ondemand"...
         Starting LSB: automatic crash report generation...
         Starting Permit User Sessions...
         Starting LSB: daemon to balance interrupts for SMP systems...
[[0;32m  OK  [0m] Started Permit User Sessions.
         Starting Hold until boot process finishes up...
         Starting Terminate Plymouth Boot Screen...
[[0;32m  OK  [0m] Started Hold until boot process finishes up.
         Starting Set console scheme...
[[0;32m  OK  [0m] Started Serial Getty on ttyS0.
[[0;32m  OK  [0m] Started Getty on tty1.
[[0;32m  OK  [0m] Reached target Login Prompts.
[[0;32m  OK  [0m] Started Terminate Plymouth Boot Screen.
[[0;32m  OK  [0m] Started Set console scheme.
[[0;32m  OK  [0m] Started LSB: MD monitoring daemon.
[[0;32m  OK  [0m] Started LSB: Record successful boot for GRUB.
[[0;32m  OK  [0m] Started LXD - container startup/shutdown.
[[0;32m  OK  [0m] Started LSB: Set the CPU Frequency Scaling governor to "ondemand".
[[0;32m  OK  [0m] Started Authenticate and Authorize Users to Run Privileged Tasks.
[[0;32m  OK  [0m] Started Accounts Service.
[[0;32m  OK  [0m] Started LSB: daemon to balance interrupts for SMP systems.
[[0;32m  OK  [0m] Started LSB: automatic crash report generation.
[[0;32m  OK  [0m] Started Virtualbox guest utils.
[[0;32m  OK  [0m] Started Snap Daemon.
         Starting Wait until snapd is fully seeded...
[[0;32m  OK  [0m] Started Wait until snapd is fully seeded.
         Starting Apply the settings specified in cloud-config...
[[0;32m  OK  [0m] Started Pollinate to seed the pseudo random number generator.
         Starting OpenBSD Secure Shell server...
[[0;32m  OK  [0m] Started OpenBSD Secure Shell server.
[[0;32m  OK  [0m] Reached target Multi-User System.
[[0;32m  OK  [0m] Reached target Graphical Interface.
         Starting Update UTMP about System Runlevel Changes...
[[0;32m  OK  [0m] Started Update UTMP about System Runlevel Changes.
[[0;32m  OK  [0m] Created slice User Slice of vagrant.
         Starting User Manager for UID 1000...
[[0;32m  OK  [0m] Started Session 1 of user vagrant.
[[0;32m  OK  [0m] Started User Manager for UID 1000.
[   16.263481] cloud-init[1299]: Generating locales (this might take a while)...
[   18.569545] cloud-init[1299]:   en_US.UTF-8... done
[   18.572321] cloud-init[1299]: Generation complete.
[   19.376297] cloud-init[1299]: Cloud-init v. 21.1-19-gbad84ad4-0ubuntu1~16.04.2 running 'modules:config' at Wed, 15 Apr 2026 17:36:04 +0000. Up 15.85 seconds.

Ubuntu 16.04.7 LTS ubuntu-xenial ttyS0

ubuntu-xenial login: ci-info: no authorized SSH keys fingerprints found for user ubuntu.
<14>Apr 15 17:36:08 ec2: 
<14>Apr 15 17:36:08 ec2: #############################################################
<14>Apr 15 17:36:08 ec2: -----BEGIN SSH HOST KEY FINGERPRINTS-----
<14>Apr 15 17:36:08 ec2: 1024 SHA256:E6UBoCO+WusIE3kkOGyWok7CSaa4cIKE8w7/TBLxZnU root@ubuntu-xenial (DSA)
<14>Apr 15 17:36:08 ec2: 256 SHA256:8AmgzKCQZ3XuzUcAael029+ZaZgmqdAupw3QoG9nI5o root@ubuntu-xenial (ECDSA)
<14>Apr 15 17:36:08 ec2: 256 SHA256:v7i0nsIJkWpU8F2ZyaCspKUzpIGl5t7DjdtOrnXvjp0 root@ubuntu-xenial (ED25519)
<14>Apr 15 17:36:08 ec2: 2048 SHA256:lEHdVNPzNqOANmHSvLxCf4T/aJVH7oY3c+iQaDTChQ0 root@ubuntu-xenial (RSA)
<14>Apr 15 17:36:08 ec2: -----END SSH HOST KEY FINGERPRINTS-----
<14>Apr 15 17:36:08 ec2: #############################################################
-----BEGIN SSH HOST KEY KEYS-----
ecdsa-sha2-nistp256 AAAAE2VjZHNhLXNoYTItbmlzdHAyNTYAAAAIbmlzdHAyNTYAAABBBP7dlbamwmB/LAdQElvg0Akmia5xjjiKZvTwxzgcNSkA2P00KCM9o2SZwTgNOis+6qwgcB3d/pCO/mg7aUePxW0= root@ubuntu-xenial
ssh-ed25519 AAAAC3NzaC1lZDI1NTE5AAAAIA703RFJ5DMWq6i1eQtexKxAxXvemgCg7w8aU9+QMiOP root@ubuntu-xenial
ssh-rsa AAAAB3NzaC1yc2EAAAADAQABAAABAQCXlVTMkkn2xCSF730FDGs02u9ol7gcia1b8XlMIwifImTCMCJNKqZ3GiJ2nQxYKxyznY+Vru6JXaSES5NdmGFYa0Pd6P2b/Twg58HFSXdxXFEW7gyNL7KusFmnadyxH9vuqQV3nEo/0pJC7cdRTOiAM8aub9nvpCp9SZKjpBx6s724xS8GI56EKttrCF5kEEMzjKpYPAzY/CbS+GndWet2XRu4ql+oYL6COLyy0ii4zCtQlO0euNtdmq2MgCT6B06yJHIV9D+2adpjf/26XJ9cTvbClE2zLCMJJ9t+OwL2T2STPxPlFQ2eOFkOgKoSn1A3XdkSbpva7m9heR+8wbKf root@ubuntu-xenial
-----END SSH HOST KEY KEYS-----
[   20.333804] cloud-init[1504]: Cloud-init v. 21.1-19-gbad84ad4-0ubuntu1~16.04.2 running 'modules:final' at Wed, 15 Apr 2026 17:36:08 +0000. Up 20.03 seconds.
[   20.334665] cloud-init[1504]: ci-info: no authorized SSH keys fingerprints found for user ubuntu.
[   20.334916] cloud-init[1504]: Cloud-init v. 21.1-19-gbad84ad4-0ubuntu1~16.04.2 finished at Wed, 15 Apr 2026 17:36:08 +0000. Datasource DataSourceNoCloud [seed=/dev/sdb][dsmode=net].  Up 20.32 seconds
